---
http_interactions:
- request:
    method: post
    uri: https://showoff-rails-react-production.herokuapp.com/oauth/token
    body:
      encoding: UTF-8
      string: grant_type=password&client_id=277ef29692f9a70d511415dc60592daf4cf2c6f6552d3e1b769924b2f2e2e6fe&client_secret=d6106f26e8ff5b749a606a1fba557f44eb3dca8f48596847770beb9b643ea352&username=john.doe123124e22%40email.com&password=password
    headers:
      Accept-Encoding:
      - gzip;q=1.0,deflate;q=0.6,identity;q=0.3
      Accept:
      - "*/*"
      User-Agent:
      - Ruby
  response:
    status:
      code: 200
      message: OK
    headers:
      Server:
      - Cowboy
      Date:
      - Tue, 04 Feb 2020 09:16:00 GMT
      Connection:
      - keep-alive
      X-Frame-Options:
      - SAMEORIGIN
      X-Xss-Protection:
      - 1; mode=block
      X-Content-Type-Options:
      - nosniff
      Content-Type:
      - application/json; charset=utf-8
      Vary:
      - Accept-Encoding, Origin
      Etag:
      - W/"03ab38264cfb3929a3c94036ab97e835"
      Cache-Control:
      - max-age=0, private, must-revalidate
      X-Request-Id:
      - a365c3f1-2d40-4c3e-b21d-410739052088
      X-Runtime:
      - '0.290061'
      Transfer-Encoding:
      - chunked
      Via:
      - 1.1 vegur
    body:
      encoding: ASCII-8BIT
      string: '{"code":0,"message":"Success","data":{"token":{"access_token":"820e809ca52f3653ecc262cfccdbf75309a3a28f0ca4be0bf6d9f18e1fcec14f","token_type":"Bearer","expires_in":2592000,"refresh_token":"dd06c0b1840acd7135a9dc2483461a669dcd8ee71cf41820a9ab16b553a58785","scope":"basic","created_at":1580807760}}}'
    http_version: 
  recorded_at: Tue, 04 Feb 2020 09:16:00 GMT
- request:
    method: get
    uri: https://showoff-rails-react-production.herokuapp.com/api/v1/widgets/visible?client_id=277ef29692f9a70d511415dc60592daf4cf2c6f6552d3e1b769924b2f2e2e6fe&client_secret=d6106f26e8ff5b749a606a1fba557f44eb3dca8f48596847770beb9b643ea352
    body:
      encoding: US-ASCII
      string: ''
    headers:
      Accept-Encoding:
      - gzip;q=1.0,deflate;q=0.6,identity;q=0.3
      Accept:
      - "*/*"
      User-Agent:
      - Ruby
  response:
    status:
      code: 200
      message: OK
    headers:
      Server:
      - Cowboy
      Date:
      - Tue, 04 Feb 2020 09:16:00 GMT
      Connection:
      - keep-alive
      X-Frame-Options:
      - SAMEORIGIN
      X-Xss-Protection:
      - 1; mode=block
      X-Content-Type-Options:
      - nosniff
      Content-Type:
      - application/json; charset=utf-8
      Vary:
      - Accept-Encoding, Origin
      Etag:
      - W/"5116f8d8b04d813cd219e4d5e08fecf0"
      Cache-Control:
      - max-age=0, private, must-revalidate
      X-Request-Id:
      - 3ed39ea4-8ca3-441c-bc27-58c0c164a43f
      X-Runtime:
      - '0.189509'
      Transfer-Encoding:
      - chunked
      Via:
      - 1.1 vegur
    body:
      encoding: ASCII-8BIT
      string: '{"code":0,"message":"Success","data":{"widgets":[{"id":4,"name":"A
        Visible Widget","description":"Widget 1","kind":"visible","user":{"id":1,"name":"tyler
        Thunderbird","images":{"small_url":"https://showoff-rails-react-api-production.s3.amazonaws.com/users/images/000/000/001/small/quisvoluptatesquia.png?1549584243","medium_url":"https://showoff-rails-react-api-production.s3.amazonaws.com/users/images/000/000/001/medium/quisvoluptatesquia.png?1549584243","large_url":"https://showoff-rails-react-api-production.s3.amazonaws.com/users/images/000/000/001/large/quisvoluptatesquia.png?1549584243","original_url":"https://showoff-rails-react-api-production.s3.amazonaws.com/users/images/000/000/001/original/quisvoluptatesquia.png?1549584243"},"first_name":"tyler","last_name":"Thunderbird"},"owner":false},{"id":810,"name":"Theron22","description":"Widget
        1","kind":"visible","user":{"id":1440,"name":"Aaron Gonsalves","images":{"small_url":"https://showoff-rails-react-api-production.s3.amazonaws.com/users/images/000/001/440/small/961-200.png?1580499144","medium_url":"https://showoff-rails-react-api-production.s3.amazonaws.com/users/images/000/001/440/medium/961-200.png?1580499144","large_url":"https://showoff-rails-react-api-production.s3.amazonaws.com/users/images/000/001/440/large/961-200.png?1580499144","original_url":"https://showoff-rails-react-api-production.s3.amazonaws.com/users/images/000/001/440/original/961-200.png?1580499144"},"first_name":"Aaron","last_name":"Gonsalves"},"owner":false},{"id":120,"name":"A
        Visible Widget","description":"Widget 23234","kind":"visible","user":{"id":198,"name":"Ali
        User","images":{"small_url":"https://showoff-rails-react-api-production.s3.amazonaws.com/users/images/000/000/198/small/961-200.png?1549731299","medium_url":"https://showoff-rails-react-api-production.s3.amazonaws.com/users/images/000/000/198/medium/961-200.png?1549731299","large_url":"https://showoff-rails-react-api-production.s3.amazonaws.com/users/images/000/000/198/large/961-200.png?1549731299","original_url":"https://showoff-rails-react-api-production.s3.amazonaws.com/users/images/000/000/198/original/961-200.png?1549731299"},"first_name":"Ali","last_name":"User"},"owner":false},{"id":134,"name":"New
        Hotness","description":"I''m visible","kind":"visible","user":{"id":240,"name":"Justa
        User","images":{"small_url":"https://showoff-rails-react-api-production.s3.amazonaws.com/users/images/000/000/240/small/2.png?1551703428","medium_url":"https://showoff-rails-react-api-production.s3.amazonaws.com/users/images/000/000/240/medium/2.png?1551703428","large_url":"https://showoff-rails-react-api-production.s3.amazonaws.com/users/images/000/000/240/large/2.png?1551703428","original_url":"https://showoff-rails-react-api-production.s3.amazonaws.com/users/images/000/000/240/original/2.png?1551703428"},"first_name":"Justa","last_name":"User"},"owner":false},{"id":152,"name":"AJAX","description":"Widget
        AJAX","kind":"visible","user":{"id":326,"name":"v m","images":{"small_url":"https://showoff-rails-react-api-production.s3.amazonaws.com/users/images/000/000/326/small/961-200.png?1551812453","medium_url":"https://showoff-rails-react-api-production.s3.amazonaws.com/users/images/000/000/326/medium/961-200.png?1551812453","large_url":"https://showoff-rails-react-api-production.s3.amazonaws.com/users/images/000/000/326/large/961-200.png?1551812453","original_url":"https://showoff-rails-react-api-production.s3.amazonaws.com/users/images/000/000/326/original/961-200.png?1551812453"},"first_name":"v","last_name":"m"},"owner":false},{"id":160,"name":"9
        AJAX","description":"widget description","kind":"visible","user":{"id":326,"name":"v
        m","images":{"small_url":"https://showoff-rails-react-api-production.s3.amazonaws.com/users/images/000/000/326/small/961-200.png?1551812453","medium_url":"https://showoff-rails-react-api-production.s3.amazonaws.com/users/images/000/000/326/medium/961-200.png?1551812453","large_url":"https://showoff-rails-react-api-production.s3.amazonaws.com/users/images/000/000/326/large/961-200.png?1551812453","original_url":"https://showoff-rails-react-api-production.s3.amazonaws.com/users/images/000/000/326/original/961-200.png?1551812453"},"first_name":"v","last_name":"m"},"owner":false},{"id":161,"name":"10
        AJAX","description":"widget description","kind":"visible","user":{"id":326,"name":"v
        m","images":{"small_url":"https://showoff-rails-react-api-production.s3.amazonaws.com/users/images/000/000/326/small/961-200.png?1551812453","medium_url":"https://showoff-rails-react-api-production.s3.amazonaws.com/users/images/000/000/326/medium/961-200.png?1551812453","large_url":"https://showoff-rails-react-api-production.s3.amazonaws.com/users/images/000/000/326/large/961-200.png?1551812453","original_url":"https://showoff-rails-react-api-production.s3.amazonaws.com/users/images/000/000/326/original/961-200.png?1551812453"},"first_name":"v","last_name":"m"},"owner":false},{"id":121,"name":"Super
        Sweet Widget","description":"So so sweet","kind":"visible","user":{"id":234,"name":"Me
        Myself","images":{"small_url":"https://showoff-rails-react-api-production.s3.amazonaws.com/users/images/000/000/234/small/961-200.png?1551641472","medium_url":"https://showoff-rails-react-api-production.s3.amazonaws.com/users/images/000/000/234/medium/961-200.png?1551641472","large_url":"https://showoff-rails-react-api-production.s3.amazonaws.com/users/images/000/000/234/large/961-200.png?1551641472","original_url":"https://showoff-rails-react-api-production.s3.amazonaws.com/users/images/000/000/234/original/961-200.png?1551641472"},"first_name":"Me","last_name":"Myself"},"owner":false},{"id":133,"name":"New
        Widgety Widget","description":"So shiny","kind":"visible","user":{"id":234,"name":"Me
        Myself","images":{"small_url":"https://showoff-rails-react-api-production.s3.amazonaws.com/users/images/000/000/234/small/961-200.png?1551641472","medium_url":"https://showoff-rails-react-api-production.s3.amazonaws.com/users/images/000/000/234/medium/961-200.png?1551641472","large_url":"https://showoff-rails-react-api-production.s3.amazonaws.com/users/images/000/000/234/large/961-200.png?1551641472","original_url":"https://showoff-rails-react-api-production.s3.amazonaws.com/users/images/000/000/234/original/961-200.png?1551641472"},"first_name":"Me","last_name":"Myself"},"owner":false},{"id":162,"name":"showoff4","description":"widget
        description4","kind":"visible","user":{"id":326,"name":"v m","images":{"small_url":"https://showoff-rails-react-api-production.s3.amazonaws.com/users/images/000/000/326/small/961-200.png?1551812453","medium_url":"https://showoff-rails-react-api-production.s3.amazonaws.com/users/images/000/000/326/medium/961-200.png?1551812453","large_url":"https://showoff-rails-react-api-production.s3.amazonaws.com/users/images/000/000/326/large/961-200.png?1551812453","original_url":"https://showoff-rails-react-api-production.s3.amazonaws.com/users/images/000/000/326/original/961-200.png?1551812453"},"first_name":"v","last_name":"m"},"owner":false},{"id":135,"name":"New
        Widgety Widget","description":"So shiny","kind":"visible","user":{"id":332,"name":"Old
        Gregg Baileys","images":{"small_url":"https://showoff-rails-react-api-production.s3.amazonaws.com/users/images/000/000/332/small/2.png?1551978836","medium_url":"https://showoff-rails-react-api-production.s3.amazonaws.com/users/images/000/000/332/medium/2.png?1551978836","large_url":"https://showoff-rails-react-api-production.s3.amazonaws.com/users/images/000/000/332/large/2.png?1551978836","original_url":"https://showoff-rails-react-api-production.s3.amazonaws.com/users/images/000/000/332/original/2.png?1551978836"},"first_name":"Old
        Gregg","last_name":"Baileys"},"owner":false},{"id":163,"name":"15 AJAX","description":"widget
        description","kind":"visible","user":{"id":326,"name":"v m","images":{"small_url":"https://showoff-rails-react-api-production.s3.amazonaws.com/users/images/000/000/326/small/961-200.png?1551812453","medium_url":"https://showoff-rails-react-api-production.s3.amazonaws.com/users/images/000/000/326/medium/961-200.png?1551812453","large_url":"https://showoff-rails-react-api-production.s3.amazonaws.com/users/images/000/000/326/large/961-200.png?1551812453","original_url":"https://showoff-rails-react-api-production.s3.amazonaws.com/users/images/000/000/326/original/961-200.png?1551812453"},"first_name":"v","last_name":"m"},"owner":false},{"id":164,"name":"13
        AJAX","description":"widget description","kind":"visible","user":{"id":326,"name":"v
        m","images":{"small_url":"https://showoff-rails-react-api-production.s3.amazonaws.com/users/images/000/000/326/small/961-200.png?1551812453","medium_url":"https://showoff-rails-react-api-production.s3.amazonaws.com/users/images/000/000/326/medium/961-200.png?1551812453","large_url":"https://showoff-rails-react-api-production.s3.amazonaws.com/users/images/000/000/326/large/961-200.png?1551812453","original_url":"https://showoff-rails-react-api-production.s3.amazonaws.com/users/images/000/000/326/original/961-200.png?1551812453"},"first_name":"v","last_name":"m"},"owner":false},{"id":165,"name":"16
        AJAX","description":"widget description","kind":"visible","user":{"id":326,"name":"v
        m","images":{"small_url":"https://showoff-rails-react-api-production.s3.amazonaws.com/users/images/000/000/326/small/961-200.png?1551812453","medium_url":"https://showoff-rails-react-api-production.s3.amazonaws.com/users/images/000/000/326/medium/961-200.png?1551812453","large_url":"https://showoff-rails-react-api-production.s3.amazonaws.com/users/images/000/000/326/large/961-200.png?1551812453","original_url":"https://showoff-rails-react-api-production.s3.amazonaws.com/users/images/000/000/326/original/961-200.png?1551812453"},"first_name":"v","last_name":"m"},"owner":false},{"id":166,"name":"17
        AJAX","description":"widget description","kind":"visible","user":{"id":326,"name":"v
        m","images":{"small_url":"https://showoff-rails-react-api-production.s3.amazonaws.com/users/images/000/000/326/small/961-200.png?1551812453","medium_url":"https://showoff-rails-react-api-production.s3.amazonaws.com/users/images/000/000/326/medium/961-200.png?1551812453","large_url":"https://showoff-rails-react-api-production.s3.amazonaws.com/users/images/000/000/326/large/961-200.png?1551812453","original_url":"https://showoff-rails-react-api-production.s3.amazonaws.com/users/images/000/000/326/original/961-200.png?1551812453"},"first_name":"v","last_name":"m"},"owner":false},{"id":167,"name":"24
        AJAX","description":"widget description4","kind":"visible","user":{"id":326,"name":"v
        m","images":{"small_url":"https://showoff-rails-react-api-production.s3.amazonaws.com/users/images/000/000/326/small/961-200.png?1551812453","medium_url":"https://showoff-rails-react-api-production.s3.amazonaws.com/users/images/000/000/326/medium/961-200.png?1551812453","large_url":"https://showoff-rails-react-api-production.s3.amazonaws.com/users/images/000/000/326/large/961-200.png?1551812453","original_url":"https://showoff-rails-react-api-production.s3.amazonaws.com/users/images/000/000/326/original/961-200.png?1551812453"},"first_name":"v","last_name":"m"},"owner":false},{"id":172,"name":"Vadim
        Malakhovski","description":"sgdfg","kind":"visible","user":{"id":313,"name":"v
        m","images":{"small_url":"https://showoff-rails-react-api-production.s3.amazonaws.com/users/images/000/000/313/small/961-200.png?1551799649","medium_url":"https://showoff-rails-react-api-production.s3.amazonaws.com/users/images/000/000/313/medium/961-200.png?1551799649","large_url":"https://showoff-rails-react-api-production.s3.amazonaws.com/users/images/000/000/313/large/961-200.png?1551799649","original_url":"https://showoff-rails-react-api-production.s3.amazonaws.com/users/images/000/000/313/original/961-200.png?1551799649"},"first_name":"v","last_name":"m"},"owner":false},{"id":173,"name":"Vadim
        Malakhovski dfg","description":"sgdfg","kind":"visible","user":{"id":313,"name":"v
        m","images":{"small_url":"https://showoff-rails-react-api-production.s3.amazonaws.com/users/images/000/000/313/small/961-200.png?1551799649","medium_url":"https://showoff-rails-react-api-production.s3.amazonaws.com/users/images/000/000/313/medium/961-200.png?1551799649","large_url":"https://showoff-rails-react-api-production.s3.amazonaws.com/users/images/000/000/313/large/961-200.png?1551799649","original_url":"https://showoff-rails-react-api-production.s3.amazonaws.com/users/images/000/000/313/original/961-200.png?1551799649"},"first_name":"v","last_name":"m"},"owner":false},{"id":175,"name":"Edited
        name","description":"Edited ","kind":"visible","user":{"id":313,"name":"v
        m","images":{"small_url":"https://showoff-rails-react-api-production.s3.amazonaws.com/users/images/000/000/313/small/961-200.png?1551799649","medium_url":"https://showoff-rails-react-api-production.s3.amazonaws.com/users/images/000/000/313/medium/961-200.png?1551799649","large_url":"https://showoff-rails-react-api-production.s3.amazonaws.com/users/images/000/000/313/large/961-200.png?1551799649","original_url":"https://showoff-rails-react-api-production.s3.amazonaws.com/users/images/000/000/313/original/961-200.png?1551799649"},"first_name":"v","last_name":"m"},"owner":false},{"id":174,"name":"Eddited","description":"Edited
        ","kind":"visible","user":{"id":313,"name":"v m","images":{"small_url":"https://showoff-rails-react-api-production.s3.amazonaws.com/users/images/000/000/313/small/961-200.png?1551799649","medium_url":"https://showoff-rails-react-api-production.s3.amazonaws.com/users/images/000/000/313/medium/961-200.png?1551799649","large_url":"https://showoff-rails-react-api-production.s3.amazonaws.com/users/images/000/000/313/large/961-200.png?1551799649","original_url":"https://showoff-rails-react-api-production.s3.amazonaws.com/users/images/000/000/313/original/961-200.png?1551799649"},"first_name":"v","last_name":"m"},"owner":false}]}}'
    http_version: 
  recorded_at: Tue, 04 Feb 2020 09:16:01 GMT
- request:
    method: get
    uri: https://showoff-rails-react-production.herokuapp.com/api/v1/users/me
    body:
      encoding: US-ASCII
      string: ''
    headers:
      Authorization:
      - Bearer 820e809ca52f3653ecc262cfccdbf75309a3a28f0ca4be0bf6d9f18e1fcec14f
  response:
    status:
      code: 200
      message: OK
    headers:
      Server:
      - Cowboy
      Date:
      - Tue, 04 Feb 2020 09:16:01 GMT
      Connection:
      - keep-alive
      X-Frame-Options:
      - SAMEORIGIN
      X-Xss-Protection:
      - 1; mode=block
      X-Content-Type-Options:
      - nosniff
      Content-Type:
      - application/json; charset=utf-8
      Vary:
      - Accept-Encoding, Origin
      Etag:
      - W/"cb2ebdf17360b412337450c993fdd843"
      Cache-Control:
      - max-age=0, private, must-revalidate
      X-Request-Id:
      - eaeb9f97-066f-47b2-8db9-fb97feb13f98
      X-Runtime:
      - '0.085429'
      Transfer-Encoding:
      - chunked
      Via:
      - 1.1 vegur
    body:
      encoding: UTF-8
      string: '{"code":0,"message":"Success","data":{"user":{"id":1776,"name":"John12e34312
        Doe123212e42","images":{"small_url":"https://showoff-rails-react-api-production.s3.amazonaws.com/users/images/missing/missing.jpg","medium_url":"https://showoff-rails-react-api-production.s3.amazonaws.com/users/images/missing/missing.jpg","large_url":"https://showoff-rails-react-api-production.s3.amazonaws.com/users/images/missing/missing.jpg","original_url":"https://showoff-rails-react-api-production.s3.amazonaws.com/users/images/missing/missing.jpg"},"first_name":"John12e34312","last_name":"Doe123212e42","date_of_birth":null,"email":"john.doe123124e22@email.com","active":true}}}'
    http_version: 
  recorded_at: Tue, 04 Feb 2020 09:16:01 GMT
recorded_with: VCR 5.0.0
